// Jest Snapshot v1, https://goo.gl/fbAQLP

exports[`AddressButton renders properly with full props 1`] = `
<div>
   
  <button
    class="sc-bdfBQB sc-gsTEea sc-fubCzh cAORUT hqMJhH eLNaRf"
  >
    <span
      class="sc-iBPTik lkybgw"
    >
      <img
        alt="Avatar"
        class="sc-dlfnuX sc-hKgJUU hZGubn hMXzsC"
        data-testid="avatarSrc"
        size="24"
        src="test"
      />
    </span>
    <span
      class="sc-pGacB hgMCTu"
    >
      0x7970...0928
    </span>
  </button>
   
</div>
`;

exports[`AddressButton renders properly with partial props 1`] = `
<div>
   
  <button
    class="sc-bdfBQB sc-gsTEea sc-fubCzh cAORUT hqMJhH eLNaRf"
  >
    <span
      class="sc-iBPTik lkybgw"
    >
      <img
        alt="Avatar"
        class="sc-dlfnuX sc-hKgJUU hZGubn hMXzsC"
        data-testid="avatarSrc"
        size="24"
        src="test"
      />
    </span>
    <span
      class="sc-pGacB hgMCTu"
    >
      0x7970...0928
    </span>
  </button>
   
</div>
`;
